../Core/Src/stm32h7xx_it.c:31:6:NMI_Handler	4	static
../Core/Src/stm32h7xx_it.c:46:6:HardFault_Handler	4	static
../Core/Src/stm32h7xx_it.c:61:6:MemManage_Handler	4	static
../Core/Src/stm32h7xx_it.c:76:6:BusFault_Handler	4	static
../Core/Src/stm32h7xx_it.c:91:6:UsageFault_Handler	4	static
../Core/Src/stm32h7xx_it.c:106:6:SVC_Handler	4	static
../Core/Src/stm32h7xx_it.c:119:6:DebugMon_Handler	4	static
../Core/Src/stm32h7xx_it.c:132:6:PendSV_Handler	4	static
../Core/Src/stm32h7xx_it.c:145:6:SysTick_Handler	8	static
../Core/Src/stm32h7xx_it.c:166:6:TIM2_IRQHandler	4	static
../Core/Src/stm32h7xx_it.c:179:6:TIM3_IRQHandler	4	static
../Core/Src/stm32h7xx_it.c:189:6:FDCAN1_IT0_IRQHandler	8	static
